Microchip Technology Inc, v2.00 (B)

Tool Name:
  c:\program files\microchip\xc16\v2.00\bin\bin\..\bin/elf-ld.exe

Command:
  -p33CH512MP205 \
  --mdfp=C:/Users/Admin/.mchp_packs/Microchip/dsPIC33CH-MP_DFP/1.11.240/xc16 \
  -o \
  dist/default/production/Flex2_Master.X.production.elf \
  -Lc:/program files/microchip/xc16/v2.00/bin/bin/.. \
  -LC:/Users/Admin/.mchp_packs/Microchip/dsPIC33CH-MP_DFP/1.11.240/xc16/bin/../lib \
  -LC:/Users/Admin/.mchp_packs/Microchip/dsPIC33CH-MP_DFP/1.11.240/xc16/bin/../support/dsPIC33C/gld \
  -Lc:/program files/microchip/xc16/v2.00/bin/bin/../../lib \
  -Lc:/program files/microchip/xc16/v2.00/bin/bin/../../support/PIC24E/gld \
  -Lc:/program files/microchip/xc16/v2.00/bin/bin/../../support/PIC24F/gld \
  -Lc:/program files/microchip/xc16/v2.00/bin/bin/../../support/PIC24H/gld \
  -Lc:/program files/microchip/xc16/v2.00/bin/bin/../../support/dsPIC30F/gld \
  -Lc:/program files/microchip/xc16/v2.00/bin/bin/../../support/dsPIC33C/gld \
  -Lc:/program files/microchip/xc16/v2.00/bin/bin/../../support/dsPIC33E/gld \
  -Lc:/program files/microchip/xc16/v2.00/bin/bin/../../support/dsPIC33F/gld \
  build/default/production/mcc_generated_files/boot/interrupts.o \
  build/default/production/mcc_generated_files/boot/hardware_interrupt_table.o \
  build/default/production/mcc_generated_files/boot/memory_partition.o \
  build/default/production/mcc_generated_files/boot/application_header_crc32.o \
  build/default/production/mcc_generated_files/boot/user_interrupt_table.o \
  build/default/production/mcc_generated_files/memory/flash.o \
  build/default/production/mcc_generated_files/uart1.o \
  build/default/production/mcc_generated_files/clock.o \
  build/default/production/mcc_generated_files/traps.o \
  build/default/production/mcc_generated_files/mcc.o \
  build/default/production/mcc_generated_files/system.o \
  build/default/production/mcc_generated_files/spi1.o \
  build/default/production/mcc_generated_files/spi2.o \
  build/default/production/mcc_generated_files/pin_manager.o \
  build/default/production/mcc_generated_files/reset.o \
  build/default/production/mcc_generated_files/interrupt_manager.o \
  build/default/production/mcc_generated_files/slave1.o \
  build/default/production/mcc_generated_files/sccp2_tmr.o \
  build/default/production/mcc_generated_files/uart2.o \
  build/default/production/main.o \
  build/default/production/readADC.o \
  build/default/production/iir_2048_45_48_0.05_60dB_10ord_Butterworth.o \
  build/default/production/fir_1024_38.2_48.3_2dB_40dB_95ord.o \
  build/default/production/firinit.o \
  build/default/production/firlms.o \
  build/default/production/FIR_Filter.o \
  build/default/production/IIRT_Filter.o \
  build/default/production/filters.o \
  build/default/production/Flex2_Slave.o \
  --local-stack \
  --defsym=__MPLAB_BUILD=1 \
  -Tp33CH512MP205.gld.00 \
  --stack=16 \
  --check-sections \
  --data-init \
  --pack-data \
  --handles \
  --isr \
  --no-gc-sections \
  --fill-upper=0 \
  --stackguard=16 \
  --no-force-link \
  --smart-io \
  -Map=dist/default/production/Flex2_Master.X.production.map \
  --report-mem \
  --memorysummary \
  dist/default/production/memoryfile.xml \
  -start-group \
  --library=c99-pic30-elf \
  --library=m-elf \
  --library=c99-elf \
  -end-group \


Optional library libp33CH512MP205.a not found
Archive member included because of file (symbol)

c:/program files/microchip/xc16/v2.00/bin/bin/../../lib\libc99-pic30-elf.a(crt0_dualch.o)
                              (__resetPRI)
c:/program files/microchip/xc16/v2.00/bin/bin/../../lib\libc99-pic30-elf.a(data_init_dualch.o)
                              c:/program files/microchip/xc16/v2.00/bin/bin/../../lib\libc99-pic30-elf.a(crt0_dualch.o) (__data_init_duo)
c:/program files/microchip/xc16/v2.00/bin/bin/../../lib\libc99-pic30-elf.a(crt_start_mode_normalch.Meo)
                              (__crt_start_mode_normal)
c:/program files/microchip/xc16/v2.00/bin/bin/../../lib\libc99-pic30-elf.a(delay32ch.Meo)
                              build/default/production/main.o (___delay32)
c:/program files/microchip/xc16/v2.00/bin/bin/../../lib\libc99-elf.a(memcpy.CH_o)
                              build/default/production/main.o (_memcpy)
c:/program files/microchip/xc16/v2.00/bin/bin/../../lib\libc99-elf.a(memset.CH_o)
                              build/default/production/main.o (_memset)
c:/program files/microchip/xc16/v2.00/bin/bin/../../lib\libc99-elf.a(strlen.CH_o)
                              build/default/production/main.o (_strlen)
c:/program files/microchip/xc16/v2.00/bin/bin/../../lib\libc99-elf.a(__sio_printf_dosux.CH_o)
                              build/default/production/main.o (__printf_cdnopsuxX)
c:/program files/microchip/xc16/v2.00/bin/bin/../../lib\libc99-elf.a(__fmt_d.CH_o)
                              c:/program files/microchip/xc16/v2.00/bin/bin/../../lib\libc99-elf.a(__sio_printf_dosux.CH_o) (___fmt_d_needed)
[...]
Memory Configuration

Name             Origin             Length             Attributes
data             0x001000           0x00c000           a !xr
FBOOT            0x801800           0x000002  
reset            0x000000           0x000004  
ivt              0x000004           0x0001fc  
program          0x000200           0x057d00           xr
FSEC             0x057f00           0x000002  
FBSLIM           0x057f10           0x000002  
FSIGN            0x057f14           0x000002  
FOSCSEL          0x057f18           0x000002  
FOSC             0x057f1c           0x000002  
FWDT             0x057f20           0x000002  
FPOR             0x057f24           0x000002  
FICD             0x057f28           0x000002  
FDMTIVTL         0x057f2c           0x000002  
FDMTIVTH         0x057f30           0x000002  
FDMTCNTL         0x057f34           0x000002  
FDMTCNTH         0x057f38           0x000002  
FDMT             0x057f3c           0x000002  
FDEVOPT          0x057f40           0x000002  
FALTREG          0x057f44           0x000002  
FMBXM            0x057f48           0x000002  
FMBXHS1          0x057f4c           0x000002  
FMBXHS2          0x057f50           0x000002  
FMBXHSEN         0x057f54           0x000002  
FCFGPRA0         0x057f58           0x000002  
FCFGPRB0         0x057f60           0x000002  
FCFGPRC0         0x057f68           0x000002  
FCFGPRD0         0x057f70           0x000002  
FCFGPRE0         0x057f78           0x000002  
FS1OSCSEL        0x057f80           0x000002  
FS1OSC           0x057f84           0x000002  
FS1WDT           0x057f88           0x000002  
FS1POR           0x057f8c           0x000002  
FS1ICD           0x057f90           0x000002  
FS1DEVOPT        0x057f94           0x000002  
FS1ALTREG        0x057f98           0x000002  
FS1DMTIVTL       0x057f9c           0x000002  
FS1DMTIVTH       0x057fa0           0x000002  
FS1DMTCNTL       0x057fa4           0x000002  
FS1DMTCNTH       0x057fa8           0x000002  
FS1DMT           0x057fac           0x000002  
FBTSEQ           0x057ffc           0x000002  
*default*        0x000000           0xffffffff  

Linker script and memory map

LOAD build/default/production/mcc_generated_files/boot/interrupts.o
LOAD build/default/production/mcc_generated_files/boot/hardware_interrupt_table.o
LOAD build/default/production/mcc_generated_files/boot/memory_partition.o
LOAD build/default/production/mcc_generated_files/boot/application_header_crc32.o
LOAD build/default/production/mcc_generated_files/boot/user_interrupt_table.o
LOAD build/default/production/mcc_generated_files/memory/flash.o
LOAD build/default/production/mcc_generated_files/uart1.o
LOAD build/default/production/mcc_generated_files/clock.o
LOAD build/default/production/mcc_generated_files/traps.o
LOAD build/default/production/mcc_generated_files/mcc.o
LOAD build/default/production/mcc_generated_files/system.o
LOAD build/default/production/mcc_generated_files/spi1.o
LOAD build/default/production/mcc_generated_files/spi2.o
LOAD build/default/production/mcc_generated_files/pin_manager.o
LOAD build/default/production/mcc_generated_files/reset.o
LOAD build/default/production/mcc_generated_files/interrupt_manager.o
LOAD build/default/production/mcc_generated_files/slave1.o
LOAD build/default/production/mcc_generated_files/sccp2_tmr.o
LOAD build/default/production/mcc_generated_files/uart2.o
LOAD build/default/production/main.o
LOAD build/default/production/readADC.o
LOAD build/default/production/iir_2048_45_48_0.05_60dB_10ord_Butterworth.o
LOAD build/default/production/fir_1024_38.2_48.3_2dB_40dB_95ord.o
LOAD build/default/production/firinit.o
LOAD build/default/production/firlms.o
LOAD build/default/production/FIR_Filter.o
LOAD build/default/production/IIRT_Filter.o
LOAD build/default/production/filters.o
LOAD build/default/production/Flex2_Slave.o
                    0x0001                  __MPLAB_BUILD = 0x1
LOAD p33CH512MP205
LOAD c:/program files/microchip/xc16/v2.00/bin/bin/../../lib\libfx-elf.a
                    0x801044                  _iwri1 = 0x801044
                    0x801048                  _iwri2 = 0x801048
                    0x801800                  __FBOOT = 0x801800
                    0x57f00                  __FSEC = 0x57f00
                    0x57f10                  __FBSLIM = 0x57f10
                    0x57f14                  __FSIGN = 0x57f14
                    0x57f18                  __FOSCSEL = 0x57f18
                    0x57f1c                  __FOSC = 0x57f1c
                    0x57f20                  __FWDT = 0x57f20
                    0x57f24                  __FPOR = 0x57f24
                    0x57f28                  __FICD = 0x57f28
                    0x57f2c                  __FDMTIVTL = 0x57f2c
                    0x57f30                  __FDMTIVTH = 0x57f30
                    0x57f34                  __FDMTCNTL = 0x57f34
                    0x57f38                  __FDMTCNTH = 0x57f38
                    0x57f3c                  __FDMT = 0x57f3c
                    0x57f40                  __FDEVOPT = 0x57f40
                    0x57f44                  __FALTREG = 0x57f44
                    0x57f48                  __FMBXM = 0x57f48
                    0x57f4c                  __FMBXHS1 = 0x57f4c
                    0x57f50                  __FMBXHS2 = 0x57f50
                    0x57f54                  __FMBXHSEN = 0x57f54
                    0x57f58                  __FCFGPRA0 = 0x57f58
                    0x57f60                  __FCFGPRB0 = 0x57f60
                    0x57f68                  __FCFGPRC0 = 0x57f68
                    0x57f70                  __FCFGPRD0 = 0x57f70
                    0x57f78                  __FCFGPRE0 = 0x57f78
                    0x57f80                  __FS1OSCSEL = 0x57f80
                    0x57f84                  __FS1OSC = 0x57f84
                    0x57f88                  __FS1WDT = 0x57f88
                    0x57f8c                  __FS1POR = 0x57f8c
                    0x57f90                  __FS1ICD = 0x57f90
                    0x57f94                  __FS1DEVOPT = 0x57f94
                    0x57f98                  __FS1ALTREG = 0x57f98
                    0x57f9c                  __FS1DMTIVTL = 0x57f9c
                    0x57fa0                  __FS1DMTIVTH = 0x57fa0
                    0x57fa4                  __FS1DMTCNTL = 0x57fa4
                    0x57fa8                  __FS1DMTCNTH = 0x57fa8
                    0x57fac                  __FS1DMT = 0x57fac
                    0x57ffc                  __FBTSEQ = 0x57ffc
                    0x0200                  __CODE_BASE = 0x200
                    0x57d00                  __CODE_LENGTH = 0x57d00
                    0x0004                  __IVT_BASE = 0x4
                    0x6000                  __SECONDARY_CODE_LENGTH = 0x6000
                    0x1000                  __DATA_BASE = 0x1000
                    0xc000                  __DATA_LENGTH = 0xc000
                    0x7000                  __YDATA_BASE = 0x7000
                    0xcfff                  __YDATA_END = 0xcfff

.reset            0x000000          0x4
                  0x000000          0x2 SHORT 0x5434 ABSOLUTE (__reset)
                  0x000001          0x2 SHORT 0x4
                  0x000002          0x2 SHORT 0x0 ((ABSOLUTE (__reset) >> 0x10) & 0x7f)
                  0x000003          0x2 SHORT 0x0

.text             0x005434       0x135a
 *(.init)
 .init            0x005434         0x46 c:/program files/microchip/xc16/v2.00/bin/bin/../../lib\libc99-pic30-elf.a(crt0_dualch.o)
                  0x005434                  __resetPRI
                  0x005434                  __reset
                  0x00546e                  __psv_init
 .init            0x00547a        0x150 c:/program files/microchip/xc16/v2.00/bin/bin/../../lib\libc99-pic30-elf.a(data_init_dualch.o)
                  0x00547a                  __data_init
                  0x00547a                  __data_init_duo
                  0x00552c                  __wipe_secondary
                  0x005562                  __program_inactive_slave
                  0x005562                  __program_inactive_secondary
                  0x005566                  __program_secondary
                  0x0055b2                  __start_slave
                  0x0055b2                  __start_secondary
                  0x0055be                  __stop_secondary
 *(.user_init)
 *(.handle)
 .handle          0x0055ca         0x14 jump_table
 *(.isr*)
 .isrerror_handler
                  0x0055de         0xec build/default/production/mcc_generated_files/traps.o
                  0x0055de                  __OscillatorFail
                  0x0055fe                  __StackError
                  0x005620                  __AddressError
                  0x005640                  __MathError
                  0x005660                  __HardTrapError
                  0x005680                  __SoftTrapError
 .isr.text        0x0056ca         0x3c build/default/production/mcc_generated_files/slave1.o
                  0x0056ca                  __MSIAInterrupt
                  0x0056e8                  __MSIBInterrupt
 .isr.text        0x005706         0x2e build/default/production/mcc_generated_files/sccp2_tmr.o
                  0x005706                  __CCT2Interrupt
 .isr.text        0x005734         0xec build/default/production/mcc_generated_files/uart2.o
                  0x005734                  __U2TXInterrupt
                  0x005794                  __U2RXInterrupt
                  0x005802                  __U2EInterrupt
                  0x005818                  __U2EVTInterrupt
 .isr             0x005820          0x4 default_isr
                  0x005820                  __DefaultInterrupt
 *(.libc)
 .libc            0x005824         0x1e c:/program files/microchip/xc16/v2.00/bin/bin/../../lib\libc99-pic30-elf.a(lseekch.Meo)
                  0x005824                  _lseek
 .libc            0x005842         0x18 c:/program files/microchip/xc16/v2.00/bin/bin/../../lib\libc99-pic30-elf.a(closech.Meo)
                  0x005842                  _close
 *(.libm)
 *(.libdsp)
 .libdsp          0x00585a         0x14 build/default/production/firinit.o
                  0x00585a                  _FIRStructInit
 .libdsp          0x00586e         0x92 build/default/production/firlms.o
                  0x00586e                  _FIRLMS
 *(.lib*)
 .libc.write      0x005900         0x36 build/default/production/mcc_generated_files/uart1.o
                  0x005900                  _write
 .libpic30_crt_start_mode
                  0x005936          0x2 c:/program files/microchip/xc16/v2.00/bin/bin/../../lib\libc99-pic30-elf.a(crt_start_mode_normalch.Meo)
                  0x005936                  __crt_start_mode
                  0x005936                  __crt_start_mode_normal
 .libc.memcpy     0x005938          0xe c:/program files/microchip/xc16/v2.00/bin/bin/../../lib\libc99-elf.a(memcpy.CH_o)
                  0x005938                  _memcpy
 .libc.memset     0x005946         0xc6 c:/program files/microchip/xc16/v2.00/bin/bin/../../lib\libc99-elf.a(memset.CH_o)
                  0x005946                  _memset
 .libc.strlen     0x005a0c         0x30 c:/program files/microchip/xc16/v2.00/bin/bin/../../lib\libc99-elf.a(strlen.CH_o)
                  0x005a0c                  _strlen
 .libc.__wrap_printf
                  0x005a3c         0x10 c:/program files/microchip/xc16/v2.00/bin/bin/../../lib\libc99-elf.a(__sio_printf_dosux.CH_o)
                  0x005a3c                  __dprintf_cdnopsuxX
                  0x005a3c                  __printf_cdnopsuxX
 .libc.__sio_printf_dosux
                  0x005a4c          0xa c:/program files/microchip/xc16/v2.00/bin/bin/../../lib\libc99-elf.a(__sio_printf_dosux.CH_o)
                  0x005a4c                  ___sio_printf_dosux
 .libc.__fmt_d    0x005a56         0xb4 c:/program files/microchip/xc16/v2.00/bin/bin/../../lib\libc99-elf.a(__fmt_d.CH_o)
                  0x005a56                  ___fmt_d
                  0x005a56                  ___fmt_d_needed
 .libc.__fmt_o    0x005b0a         0x6e c:/program files/microchip/xc16/v2.00/bin/bin/../../lib\libc99-elf.a(__fmt_o.CH_o)
                  0x005b0a                  ___fmt_o
                  0x005b0a                  ___fmt_o_needed
 .libc.__fmt_s    0x005b78         0x54 c:/program files/microchip/xc16/v2.00/bin/bin/../../lib\libc99-elf.a(__fmt_s.CH_o)
                  0x005b78                  ___fmt_0_needed
                  0x005b78                  ___fmt_s_needed
                  0x005b78                  ___fmt_s
 .libc.__cvt_u    0x005bcc         0xa4 c:/program files/microchip/xc16/v2.00/bin/bin/../../lib\libc99-elf.a(__fmt_u.CH_o)
                  0x005bcc                  ___cvt_u
 .libc.__fmt_u    0x005c70         0x52 c:/program files/microchip/xc16/v2.00/bin/bin/../../lib\libc99-elf.a(__fmt_u.CH_o)
                  0x005c70                  ___fmt_u
                  0x005c70                  ___fmt_u_needed
 .libc.__fmt_x    0x005cc2        0x152 c:/program files/microchip/xc16/v2.00/bin/bin/../../lib\libc99-elf.a(__fmt_x.CH_o)
                  0x005cc2                  ___fmt_x_needed
                  0x005cc2                  ___fmt_x
 .libc.__vfprintf
                  0x005e14         0x1c c:/program files/microchip/xc16/v2.00/bin/bin/../../lib\libc99-elf.a(__int_vfprintf.CH_o)
                  0x005e14                  ___vfprintf
 .libc.__string_out
                  0x005e30         0x28 c:/program files/microchip/xc16/v2.00/bin/bin/../../lib\libc99-elf.a(__printf_core.CH_o)
 .libc.__pad      0x005e58         0x74 c:/program files/microchip/xc16/v2.00/bin/bin/../../lib\libc99-elf.a(__printf_core.CH_o)
                  0x005e58                  ___pad
 .libc.__dummy_fmt3
                  0x005ecc          0x2 c:/program files/microchip/xc16/v2.00/bin/bin/../../lib\libc99-elf.a(__printf_core.CH_o)
 .libc.__dummy_fmt4
                  0x005ece          0x2 c:/program files/microchip/xc16/v2.00/bin/bin/../../lib\libc99-elf.a(__printf_core.CH_o)
                  0x005ece                  ___fmt_fp
                  0x005ece                  ___fmt_a
 .libc.__dummy_fmts
                  0x005ed0          0x2 c:/program files/microchip/xc16/v2.00/bin/bin/../../lib\libc99-elf.a(__printf_core.CH_o)
 .libc.__fmt_state
                  0x005ed2         0x32 c:/program files/microchip/xc16/v2.00/bin/bin/../../lib\libc99-elf.a(__printf_core.CH_o)
                  0x005ed2                  ___fmt_state
 .libc.vfpfcnvrt.clone.0
                  0x005f04        0x2c0 c:/program files/microchip/xc16/v2.00/bin/bin/../../lib\libc99-elf.a(__printf_core.CH_o)
 .libc.__printf_core
                  0x0061c4         0x40 c:/program files/microchip/xc16/v2.00/bin/bin/../../lib\libc99-elf.a(__printf_core.CH_o)
                  0x0061c4                  ___printf_core
 .libc.__dummy0
                  0x006204          0x2 c:/program files/microchip/xc16/v2.00/bin/bin/../../lib\libc99-elf.a(stdout.CH_o)
                  0x006204                  ___stdio_seek
 .libc.__dummy    0x006206          0x4 c:/program files/microchip/xc16/v2.00/bin/bin/../../lib\libc99-elf.a(stdout.CH_o)
                  0x006206                  ___get_stdout
 .libc.__init_stdout
                  0x00620a          0x8 c:/program files/microchip/xc16/v2.00/bin/bin/../../lib\libc99-elf.a(stdout.CH_o)
                  0x00620a                  ___init_stdout
 .libc.__string_out
                  0x006212         0x28 c:/program files/microchip/xc16/v2.00/bin/bin/../../lib\libc99-elf.a(__out.CH_o)
 .libc.__fwrite_min
                  0x00623a          0x4 c:/program files/microchip/xc16/v2.00/bin/bin/../../lib\libc99-elf.a(__out.CH_o)
                  0x00623a                  ___fwrite
                  0x00623a                  ___stdio_write
                  0x00623a                  ___stdio_write_unbuffered
 .libc.__out      0x00623e         0x10 c:/program files/microchip/xc16/v2.00/bin/bin/../../lib\libc99-elf.a(__out.CH_o)
                  0x00623e                  ___out_needed
                  0x00623e                  ___out
 .libc.__stdio_close
                  0x00624e         0x48 c:/program files/microchip/xc16/v2.00/bin/bin/../../lib\libc99-elf.a(__stdio_close.CH_o)
                  0x00624e                  ___stdio_close
 .libc.__stdio_close_rw
                  0x006296         0x64 c:/program files/microchip/xc16/v2.00/bin/bin/../../lib\libc99-elf.a(__stdio_close.CH_o)
                  0x006296                  ___stdio_close_rw
 .libc.__wrap_printf
                  0x0062fa         0x10 c:/program files/microchip/xc16/v2.00/bin/bin/../../lib\libc99-elf.a(__sio_printf_doux.CH_o)
                  0x0062fa                  __printf_cdnopuxX
                  0x0062fa                  __dprintf_cdnopuxX
 .libc.__sio_printf_doux
                  0x00630a          0xa c:/program files/microchip/xc16/v2.00/bin/bin/../../lib\libc99-elf.a(__sio_printf_doux.CH_o)
                  0x00630a                  ___sio_printf_doux
 .libc.__isspace
                  0x006314         0x14 c:/program files/microchip/xc16/v2.00/bin/bin/../../lib\libc99-elf.a(atoi.CH_o)
 .libc.atoi       0x006328         0x4c c:/program files/microchip/xc16/v2.00/bin/bin/../../lib\libc99-elf.a(atoi.CH_o)
                  0x006328                  _atoi
 .libc.tolower    0x006374          0xc c:/program files/microchip/xc16/v2.00/bin/bin/../../lib\libc99-elf.a(tolower.CH_o)
                  0x006374                  _tolower
 .libc.__tolower_l
                  0x006380          0x2 c:/program files/microchip/xc16/v2.00/bin/bin/../../lib\libc99-elf.a(tolower.CH_o)
                  0x006380                  ___tolower_l
                  0x006380                  _tolower_l
 .libc.toupper    0x006382          0xc c:/program files/microchip/xc16/v2.00/bin/bin/../../lib\libc99-elf.a(toupper.CH_o)
                  0x006382                  _toupper
 .libc.__toupper_l
                  0x00638e          0x2 c:/program files/microchip/xc16/v2.00/bin/bin/../../lib\libc99-elf.a(toupper.CH_o)
                  0x00638e                  ___toupper_l
                  0x00638e                  _toupper_l
 .libc.__pop_float
                  0x006390         0x3e c:/program files/microchip/xc16/v2.00/bin/bin/../../lib\libc99-elf.a(__pop_float.CH_lo)
                  0x006390                  ___pop_float
                  0x006390                  ___pop_float_needed
 .libc.__pop_int
                  0x0063ce         0xb2 c:/program files/microchip/xc16/v2.00/bin/bin/../../lib\libc99-elf.a(__pop_int.CH_lo)
                  0x0063ce                  ___pop_int
                  0x0063ce                  ___pop_int_needed
 .libc.__pop_ptr
                  0x006480         0x74 c:/program files/microchip/xc16/v2.00/bin/bin/../../lib\libc99-elf.a(__pop_ptr.CH_lo)
                  0x006480                  ___pop_ptr_needed
                  0x006480                  ___pop_ptr
 .libc.__dummy    0x0064f4          0x2 c:/program files/microchip/xc16/v2.00/bin/bin/../../lib\libc99-elf.a(__init_stdio.CH_o)
                  0x0064f4                  ___init_stderr
                  0x0064f4                  ___init_stdin
 .libc.__init_stdio
                  0x0064f6          0x6 c:/program files/microchip/xc16/v2.00/bin/bin/../../lib\libc99-elf.a(__init_stdio.CH_o)
                  0x0064f6                  ___init_stdio
                  0x0064f6                  ___init_stdio_needed
 .libm.extendsfdf2
                  0x0064fc         0x3e c:/program files/microchip/xc16/v2.00/bin/bin/../../lib\libc99-pic30-elf.a(extendsfdf.CH_o)
                  0x0064fc                  ___extendsfdf2
 .libm.funpack    0x00653a         0x2a c:/program files/microchip/xc16/v2.00/bin/bin/../../lib\libc99-pic30-elf.a(funpack.CH_o)
                  0x00653a                  __funpack
 .libm.mulsi3     0x006564          0xc c:/program files/microchip/xc16/v2.00/bin/bin/../../lib\libc99-pic30-elf.a(mulsi3.CH_o)
                  0x006564                  ___mulp32peds3
                  0x006564                  ___mulsi3
                  0x006564                  ___mulp32eds3
 .libc.dolseek    0x006570          0x4 c:/program files/microchip/xc16/v2.00/bin/bin/../../lib\libc99-pic30-elf.a(lseekch.Meo)
 .libc.doclose    0x006574          0x4 c:/program files/microchip/xc16/v2.00/bin/bin/../../lib\libc99-pic30-elf.a(closech.Meo)
 .libm.__PplusBdi
                  0x006578         0x26 c:/program files/microchip/xc16/v2.00/bin/bin/../../lib\libc99-pic30-elf.a(divmoddi3.CH_o)
 .libm.__PminusBdi
                  0x00659e         0x26 c:/program files/microchip/xc16/v2.00/bin/bin/../../lib\libc99-pic30-elf.a(divmoddi3.CH_o)
 .libm.__udivmoddi3
                  0x0065c4         0xf8 c:/program files/microchip/xc16/v2.00/bin/bin/../../lib\libc99-pic30-elf.a(divmoddi3.CH_o)
                  0x0065c4                  ___udivmoddi3
 .libm.__udivdi3
                  0x0066bc          0xe c:/program files/microchip/xc16/v2.00/bin/bin/../../lib\libc99-pic30-elf.a(divmoddi3.CH_o)
                  0x0066bc                  ___udivdi3
 .libm.__umoddi3
                  0x0066ca          0x8 c:/program files/microchip/xc16/v2.00/bin/bin/../../lib\libc99-pic30-elf.a(divmoddi3.CH_o)
                  0x0066ca                  ___umoddi3
 .libm.__divdi3
                  0x0066d2         0x60 c:/program files/microchip/xc16/v2.00/bin/bin/../../lib\libc99-pic30-elf.a(divmoddi3.CH_o)
                  0x0066d2                  ___divdi3
 .libm.__moddi3
                  0x006732         0x5c c:/program files/microchip/xc16/v2.00/bin/bin/../../lib\libc99-pic30-elf.a(divmoddi3.CH_o)
                  0x006732                  ___moddi3

usercode
 *(usercode)

__FBOOT
 *(__FBOOT.sec*)

__FSEC            0x057f00          0x2
 *(__FSEC.sec*)
 __FSEC.sec       0x057f00          0x2 /CW/_FSEC
                  0x057f00                  __FSEC.sec

__FBSLIM
 *(__FBSLIM.sec*)

__FSIGN
 *(__FSIGN.sec*)

__FOSCSEL
 *(__FOSCSEL.sec*)

__FOSC
 *(__FOSC.sec*)

__FWDT
 *(__FWDT.sec*)

__FPOR
 *(__FPOR.sec*)

__FICD
 *(__FICD.sec*)

__FDMTIVTL
 *(__FDMTIVTL.sec*)

__FDMTIVTH
 *(__FDMTIVTH.sec*)

__FDMTCNTL
 *(__FDMTCNTL.sec*)

__FDMTCNTH
 *(__FDMTCNTH.sec*)

__FDMT
 *(__FDMT.sec*)

__FDEVOPT
 *(__FDEVOPT.sec*)

__FALTREG
 *(__FALTREG.sec*)

__FMBXM
 *(__FMBXM.sec*)

__FMBXHS1
 *(__FMBXHS1.sec*)

__FMBXHS2
 *(__FMBXHS2.sec*)

__FMBXHSEN
 *(__FMBXHSEN.sec*)

__FCFGPRA0
 *(__FCFGPRA0.sec*)

__FCFGPRB0
 *(__FCFGPRB0.sec*)

__FCFGPRC0
 *(__FCFGPRC0.sec*)

__FCFGPRD0
 *(__FCFGPRD0.sec*)

__FCFGPRE0
 *(__FCFGPRE0.sec*)

__FS1OSCSEL
 *(__FS1OSCSEL.sec*)

__FS1OSC
 *(__FS1OSC.sec*)

__FS1WDT
 *(__FS1WDT.sec*)

__FS1POR
 *(__FS1POR.sec*)

__FS1ICD
 *(__FS1ICD.sec*)

__FS1DEVOPT
 *(__FS1DEVOPT.sec*)

__FS1ALTREG
 *(__FS1ALTREG.sec*)

__FS1DMTIVTL
 *(__FS1DMTIVTL.sec*)

__FS1DMTIVTH
 *(__FS1DMTIVTH.sec*)

__FS1DMTCNTL
 *(__FS1DMTCNTL.sec*)

__FS1DMTCNTH
 *(__FS1DMTCNTH.sec*)

__FS1DMT
 *(__FS1DMT.sec*)

__FBTSEQ
 *(__FBTSEQ.sec*)

.comment
 *(.comment)

.debug_info       0x000000       0x93dc
 *(.debug_info)
 .debug_info      0x000000         0xad build/default/production/mcc_generated_files/boot/hardware_interrupt_table.o
 .debug_info      0x0000ad         0xb5 build/default/production/mcc_generated_files/boot/application_header_crc32.o
 .debug_info      0x000162         0xb1 build/default/production/mcc_generated_files/boot/user_interrupt_table.o
 .debug_info      0x000213         0xa4 build/default/production/mcc_generated_files/memory/flash.o
 .debug_info      0x0002b7        0xa4d build/default/production/mcc_generated_files/uart1.o
 .debug_info      0x000d04        0x68f build/default/production/mcc_generated_files/clock.o
 .debug_info      0x001393        0x606 build/default/production/mcc_generated_files/traps.o
 .debug_info      0x001999        0x53e build/default/production/mcc_generated_files/system.o
 .debug_info      0x001ed7        0x877 build/default/production/mcc_generated_files/spi1.o
 .debug_info      0x00274e        0x877 build/default/production/mcc_generated_files/spi2.o
 .debug_info      0x002fc5        0x890 build/default/production/mcc_generated_files/pin_manager.o
 .debug_info      0x003855        0x491 build/default/production/mcc_generated_files/reset.o
 .debug_info      0x003ce6        0x41a build/default/production/mcc_generated_files/interrupt_manager.o
 .debug_info      0x004100       0x1173 build/default/production/mcc_generated_files/slave1.o
 .debug_info      0x005273        0xb58 build/default/production/mcc_generated_files/sccp2_tmr.o
 .debug_info      0x005dcb       0x14e0 build/default/production/mcc_generated_files/uart2.o
 .debug_info      0x0072ab        0xc82 build/default/production/main.o
 .debug_info      0x007f2d        0x999 build/default/production/readADC.o
 .debug_info      0x0088c6         0x8b build/default/production/firinit.o
 .debug_info      0x008951         0x8a build/default/production/firlms.o
 .debug_info      0x0089db         0x8e build/default/production/FIR_Filter.o
 .debug_info      0x008a69         0x8f build/default/production/IIRT_Filter.o
 .debug_info      0x008af8        0x73b build/default/production/filters.o
 .debug_info      0x009233         0x90 c:/program files/microchip/xc16/v2.00/bin/bin/../../lib\libc99-pic30-elf.a(extendsfdf.CH_o)
 .debug_info      0x0092c3         0x8d c:/program files/microchip/xc16/v2.00/bin/bin/../../lib\libc99-pic30-elf.a(funpack.CH_o)
 .debug_info      0x009350         0x8c c:/program files/microchip/xc16/v2.00/bin/bin/../../lib\libc99-pic30-elf.a(mulsi3.CH_o)
 *(.gnu.linkonce.wi.*)

.debug_abbrev     0x000000       0x12b4
 *(.debug_abbrev)
 .debug_abbrev    0x000000         0x10 build/default/production/mcc_generated_files/boot/hardware_interrupt_table.o
 .debug_abbrev    0x000010         0x14 build/default/production/mcc_generated_files/boot/application_header_crc32.o
 .debug_abbrev    0x000024         0x14 build/default/production/mcc_generated_files/boot/user_interrupt_table.o
 .debug_abbrev    0x000038         0x14 build/default/production/mcc_generated_files/memory/flash.o
 .debug_abbrev    0x00004c        0x131 build/default/production/mcc_generated_files/uart1.o
 .debug_abbrev    0x00017d         0xda build/default/production/mcc_generated_files/clock.o
 .debug_abbrev    0x000257        0x10d build/default/production/mcc_generated_files/traps.o
 .debug_abbrev    0x000364          0x1 build/default/production/mcc_generated_files/mcc.o
 .debug_abbrev    0x000365        0x114 build/default/production/mcc_generated_files/system.o
 .debug_abbrev    0x000479        0x147 build/default/production/mcc_generated_files/spi1.o
 .debug_abbrev    0x0005c0        0x147 build/default/production/mcc_generated_files/spi2.o
 .debug_abbrev    0x000707         0x9b build/default/production/mcc_generated_files/pin_manager.o
 .debug_abbrev    0x0007a2         0xf6 build/default/production/mcc_generated_files/reset.o
 .debug_abbrev    0x000898         0x8a build/default/production/mcc_generated_files/interrupt_manager.o
 .debug_abbrev    0x000922        0x1fd build/default/production/mcc_generated_files/slave1.o
 .debug_abbrev    0x000b1f        0x147 build/default/production/mcc_generated_files/sccp2_tmr.o
 .debug_abbrev    0x000c66        0x203 build/default/production/mcc_generated_files/uart2.o
 .debug_abbrev    0x000e69        0x1da build/default/production/main.o
 .debug_abbrev    0x001043        0x160 build/default/production/readADC.o
 .debug_abbrev    0x0011a3         0x14 build/default/production/firinit.o
 .debug_abbrev    0x0011b7         0x14 build/default/production/firlms.o
 .debug_abbrev    0x0011cb         0x14 build/default/production/FIR_Filter.o
 .debug_abbrev    0x0011df         0x14 build/default/production/IIRT_Filter.o
 .debug_abbrev    0x0011f3         0x85 build/default/production/filters.o
 .debug_abbrev    0x001278         0x14 c:/program files/microchip/xc16/v2.00/bin/bin/../../lib\libc99-pic30-elf.a(extendsfdf.CH_o)
 .debug_abbrev    0x00128c         0x14 c:/program files/microchip/xc16/v2.00/bin/bin/../../lib\libc99-pic30-elf.a(funpack.CH_o)
 .debug_abbrev    0x0012a0         0x14 c:/program files/microchip/xc16/v2.00/bin/bin/../../lib\libc99-pic30-elf.a(mulsi3.CH_o)

.debug_line       0x000000       0x249a
 *(.debug_line)
 .debug_line      0x000000         0x1a build/default/production/mcc_generated_files/boot/interrupts.o
 .debug_line      0x00001a        0xa64 build/default/production/mcc_generated_files/boot/hardware_interrupt_table.o
 .debug_line      0x000a7e         0x1a build/default/production/mcc_generated_files/boot/memory_partition.o
 .debug_line      0x000a98         0x61 build/default/production/mcc_generated_files/boot/application_header_crc32.o
 .debug_line      0x000af9         0x5d build/default/production/mcc_generated_files/boot/user_interrupt_table.o
 .debug_line      0x000b56        0x106 build/default/production/mcc_generated_files/memory/flash.o
 .debug_line      0x000c5c        0x156 build/default/production/mcc_generated_files/uart1.o
 .debug_line      0x000db2        0x123 build/default/production/mcc_generated_files/clock.o
 .debug_line      0x000ed5        0x14e build/default/production/mcc_generated_files/traps.o
 .debug_line      0x001023         0x1a build/default/production/mcc_generated_files/mcc.o
 .debug_line      0x00103d        0x15a build/default/production/mcc_generated_files/system.o
 .debug_line      0x001197        0x15c build/default/production/mcc_generated_files/spi1.o
 .debug_line      0x0012f3        0x15c build/default/production/mcc_generated_files/spi2.o
 .debug_line      0x00144f        0x135 build/default/production/mcc_generated_files/pin_manager.o
 .debug_line      0x001584        0x155 build/default/production/mcc_generated_files/reset.o
 .debug_line      0x0016d9        0x11c build/default/production/mcc_generated_files/interrupt_manager.o
 .debug_line      0x0017f5        0x228 build/default/production/mcc_generated_files/slave1.o
 .debug_line      0x001a1d        0x15d build/default/production/mcc_generated_files/sccp2_tmr.o
 .debug_line      0x001b7a        0x211 build/default/production/mcc_generated_files/uart2.o
 .debug_line      0x001d8b        0x1d8 build/default/production/main.o
 .debug_line      0x001f63        0x231 build/default/production/readADC.o
 .debug_line      0x002194         0x1a build/default/production/iir_2048_45_48_0.05_60dB_10ord_Butterworth.o
 .debug_line      0x0021ae         0x1a build/default/production/fir_1024_38.2_48.3_2dB_40dB_95ord.o
 .debug_line      0x0021c8         0x40 build/default/production/firinit.o
 .debug_line      0x002208         0x7b build/default/production/firlms.o
 .debug_line      0x002283         0x7c build/default/production/FIR_Filter.o
 .debug_line      0x0022ff         0x77 build/default/production/IIRT_Filter.o
 .debug_line      0x002376         0x47 build/default/production/filters.o
 .debug_line      0x0023bd         0x59 c:/program files/microchip/xc16/v2.00/bin/bin/../../lib\libc99-pic30-elf.a(extendsfdf.CH_o)
 .debug_line      0x002416         0x4a c:/program files/microchip/xc16/v2.00/bin/bin/../../lib\libc99-pic30-elf.a(funpack.CH_o)
 .debug_line      0x002460         0x3a c:/program files/microchip/xc16/v2.00/bin/bin/../../lib\libc99-pic30-elf.a(mulsi3.CH_o)

.debug_frame      0x000000        0xeaa
 *(.debug_frame)
 .debug_frame     0x000000        0x118 build/default/production/mcc_generated_files/uart1.o
 .debug_frame     0x000118         0x48 build/default/production/mcc_generated_files/clock.o
 .debug_frame     0x000160        0x1bc build/default/production/mcc_generated_files/traps.o
 .debug_frame     0x00031c         0x62 build/default/production/mcc_generated_files/system.o
 .debug_frame     0x00037e         0xb0 build/default/production/mcc_generated_files/spi1.o
 .debug_frame     0x00042e         0xb0 build/default/production/mcc_generated_files/spi2.o
 .debug_frame     0x0004de         0x2e build/default/production/mcc_generated_files/pin_manager.o
 .debug_frame     0x00050c        0x118 build/default/production/mcc_generated_files/reset.o
 .debug_frame     0x000624         0x2e build/default/production/mcc_generated_files/interrupt_manager.o
 .debug_frame     0x000652        0x298 build/default/production/mcc_generated_files/slave1.o
 .debug_frame     0x0008ea        0x13c build/default/production/mcc_generated_files/sccp2_tmr.o
 .debug_frame     0x000a26        0x324 build/default/production/mcc_generated_files/uart2.o
 .debug_frame     0x000d4a         0xa2 build/default/production/main.o
 .debug_frame     0x000dec         0xbe build/default/production/readADC.o

.debug_str        0x000000        0x97b
 *(.debug_str)
 .debug_str       0x000000         0x20 build/default/production/mcc_generated_files/uart1.o
 .debug_str       0x000020         0x4f build/default/production/mcc_generated_files/clock.o
 .debug_str       0x00006f         0x24 build/default/production/mcc_generated_files/traps.o
 .debug_str       0x000093          0xc build/default/production/mcc_generated_files/system.o
 .debug_str       0x00009f         0xa3 build/default/production/mcc_generated_files/spi1.o
 .debug_str       0x000142         0xa3 build/default/production/mcc_generated_files/spi2.o
 .debug_str       0x0001e5         0x64 build/default/production/mcc_generated_files/pin_manager.o
 .debug_str       0x000249         0x17 build/default/production/mcc_generated_files/reset.o
 .debug_str       0x000260         0x30 build/default/production/mcc_generated_files/interrupt_manager.o
 .debug_str       0x000290        0x133 build/default/production/mcc_generated_files/slave1.o
 .debug_str       0x0003c3         0x80 build/default/production/mcc_generated_files/sccp2_tmr.o
 .debug_str       0x000443         0xcd build/default/production/mcc_generated_files/uart2.o
 .debug_str       0x000510         0xff build/default/production/main.o
 .debug_str       0x00060f         0x8e build/default/production/readADC.o
 .debug_str       0x00069d        0x2de build/default/production/filters.o

.debug_loc
 *(.debug_loc)

.debug_macinfo
 *(.debug_macinfo)

.debug_pubnames
                  0x000000        0xbde
 *(.debug_pubnames)
 .debug_pubnames
                  0x000000         0xc2 build/default/production/mcc_generated_files/uart1.o
 .debug_pubnames
                  0x0000c2         0x45 build/default/production/mcc_generated_files/clock.o
 .debug_pubnames
                  0x000107         0x95 build/default/production/mcc_generated_files/traps.o
 .debug_pubnames
                  0x00019c         0x28 build/default/production/mcc_generated_files/system.o
 .debug_pubnames
                  0x0001c4         0x95 build/default/production/mcc_generated_files/spi1.o
 .debug_pubnames
                  0x000259         0x95 build/default/production/mcc_generated_files/spi2.o
 .debug_pubnames
                  0x0002ee         0x2d build/default/production/mcc_generated_files/pin_manager.o
 .debug_pubnames
                  0x00031b         0x54 build/default/production/mcc_generated_files/reset.o
 .debug_pubnames
                  0x00036f         0x2b build/default/production/mcc_generated_files/interrupt_manager.o
 .debug_pubnames
                  0x00039a        0x233 build/default/production/mcc_generated_files/slave1.o
 .debug_pubnames
                  0x0005cd        0x11f build/default/production/mcc_generated_files/sccp2_tmr.o
 .debug_pubnames
                  0x0006ec        0x2a6 build/default/production/mcc_generated_files/uart2.o
 .debug_pubnames
                  0x000992         0xe3 build/default/production/main.o
 .debug_pubnames
                  0x000a75        0x139 build/default/production/readADC.o
 .debug_pubnames
                  0x000bae         0x30 build/default/production/filters.o

.debug_ranges
 *(.debug_ranges)

.debug_aranges    0x000000        0x6f0
 *(.debug_aranges)
 .debug_aranges
                  0x000000        0x478 build/default/production/mcc_generated_files/boot/hardware_interrupt_table.o
 .debug_aranges
                  0x000478         0x18 build/default/production/mcc_generated_files/boot/application_header_crc32.o
 .debug_aranges
                  0x000490         0x18 build/default/production/mcc_generated_files/boot/user_interrupt_table.o
 .debug_aranges
                  0x0004a8         0x18 build/default/production/mcc_generated_files/memory/flash.o
 .debug_aranges
                  0x0004c0         0x20 build/default/production/mcc_generated_files/uart1.o
 .debug_aranges
                  0x0004e0         0x18 build/default/production/mcc_generated_files/clock.o
 .debug_aranges
                  0x0004f8         0x48 build/default/production/mcc_generated_files/traps.o
 .debug_aranges
                  0x000540         0x18 build/default/production/mcc_generated_files/system.o
 .debug_aranges
                  0x000558         0x18 build/default/production/mcc_generated_files/spi1.o
 .debug_aranges
                  0x000570         0x18 build/default/production/mcc_generated_files/spi2.o
 .debug_aranges
                  0x000588         0x18 build/default/production/mcc_generated_files/pin_manager.o
 .debug_aranges
                  0x0005a0         0x18 build/default/production/mcc_generated_files/reset.o
 .debug_aranges
                  0x0005b8         0x18 build/default/production/mcc_generated_files/interrupt_manager.o
 .debug_aranges
                  0x0005d0         0x18 build/default/production/mcc_generated_files/slave1.o
 .debug_aranges
                  0x0005e8         0x18 build/default/production/mcc_generated_files/sccp2_tmr.o
 .debug_aranges
                  0x000600         0x18 build/default/production/mcc_generated_files/uart2.o
 .debug_aranges
                  0x000618         0x18 build/default/production/main.o
 .debug_aranges
                  0x000630         0x18 build/default/production/readADC.o
 .debug_aranges
                  0x000648         0x18 build/default/production/firinit.o
 .debug_aranges
                  0x000660         0x18 build/default/production/firlms.o
 .debug_aranges
                  0x000678         0x18 build/default/production/FIR_Filter.o
 .debug_aranges
                  0x000690         0x18 build/default/production/IIRT_Filter.o
 .debug_aranges
                  0x0006a8         0x18 c:/program files/microchip/xc16/v2.00/bin/bin/../../lib\libc99-pic30-elf.a(extendsfdf.CH_o)
 .debug_aranges
                  0x0006c0         0x18 c:/program files/microchip/xc16/v2.00/bin/bin/../../lib\libc99-pic30-elf.a(funpack.CH_o)
 .debug_aranges
                  0x0006d8         0x18 c:/program files/microchip/xc16/v2.00/bin/bin/../../lib\libc99-pic30-elf.a(mulsi3.CH_o)
                    0x0000                  WREG0 = 0x0
                    0x0000                  _WREG0 = 0x0
                    0x0002                  WREG1 = 0x2
                    0x0002                  _WREG1 = 0x2
                    0x0004                  WREG2 = 0x4
                    0x0004                  _WREG2 = 0x4
                    0x0006                  WREG3 = 0x6
                    0x0006                  _WREG3 = 0x6
                    0x0008                  WREG4 = 0x8
                    0x0008                  _WREG4 = 0x8
                    0x000a                  WREG5 = 0xa
                    0x000a                  _WREG5 = 0xa
                    0x000c                  WREG6 = 0xc
                    0x000c                  _WREG6 = 0xc
                    0x000e                  WREG7 = 0xe
                    0x000e                  _WREG7 = 0xe
                    0x0010                  WREG8 = 0x10
                    0x0010                  _WREG8 = 0x10
                    0x0012                  WREG9 = 0x12
                    0x0012                  _WREG9 = 0x12
                    0x0014                  WREG10 = 0x14
                    0x0014                  _WREG10 = 0x14
                    0x0016                  WREG11 = 0x16
                    0x0016                  _WREG11 = 0x16
                    0x0018                  WREG12 = 0x18
                    0x0018                  _WREG12 = 0x18
                    0x001a                  WREG13 = 0x1a
                    0x001a                  _WREG13 = 0x1a
                    0x001c                  WREG14 = 0x1c
                    0x001c                  _WREG14 = 0x1c
                    0x001e                  WREG15 = 0x1e
                    0x001e                  _WREG15 = 0x1e
                    0x0020                  SPLIM = 0x20
                    0x0020                  _SPLIM = 0x20
                    0x0022                  ACCAL = 0x22
                    0x0022                  _ACCAL = 0x22
                    0x0024                  ACCAH = 0x24
                    0x0024                  _ACCAH = 0x24
                    0x0026                  ACCAU = 0x26
                    0x0026                  _ACCAU = 0x26
                    0x0028                  ACCBL = 0x28
                    0x0028                  _ACCBL = 0x28
                    0x002a                  ACCBH = 0x2a
                    0x002a                  _ACCBH = 0x2a
                    0x002c                  ACCBU = 0x2c
                    0x002c                  _ACCBU = 0x2c
                    0x002e                  PCL = 0x2e
                    0x002e                  _PCL = 0x2e
                    0x0030                  PCH = 0x30
                    0x0030                  _PCH = 0x30
                    0x0032                  DSRPAG = 0x32
                    0x0032                  _DSRPAG = 0x32
                    0x0032                  _DSRPAGbits = 0x32
                    0x0034                  DSWPAG = 0x34
                    0x0034                  _DSWPAG = 0x34
                    0x0034                  _DSWPAGbits = 0x34
                    0x0036                  RCOUNT = 0x36
                    0x0036                  _RCOUNT = 0x36
                    0x0038                  DCOUNT = 0x38
                    0x0038                  _DCOUNT = 0x38
                    0x003a                  DOSTARTL = 0x3a
                    0x003a                  _DOSTARTL = 0x3a
                    0x003c                  DOSTARTH = 0x3c
                    0x003c                  _DOSTARTH = 0x3c
                    0x003e                  DOENDL = 0x3e
                    0x003e                  _DOENDL = 0x3e
                    0x0040                  DOENDH = 0x40
                    0x0040                  _DOENDH = 0x40
                    0x0042                  SR = 0x42
                    0x0042                  _SR = 0x42
                    0x0042                  _SRbits = 0x42
                    0x0044                  CORCON = 0x44
                    0x0044                  _CORCON = 0x44
                    0x0044                  _CORCONbits = 0x44
                    0x0046                  MODCON = 0x46
                    0x0046                  _MODCON = 0x46
                    0x0046                  _MODCONbits = 0x46
                    0x0048                  XMODSRT = 0x48
                    0x0048                  _XMODSRT = 0x48
                    0x004a                  XMODEND = 0x4a
                    0x004a                  _XMODEND = 0x4a
                    0x004c                  YMODSRT = 0x4c
                    0x004c                  _YMODSRT = 0x4c
                    0x004e                  YMODEND = 0x4e
                    0x004e                  _YMODEND = 0x4e
                    0x0050                  XBREV = 0x50
                    0x0050                  _XBREV = 0x50
                    0x0050                  _XBREVbits = 0x50
                    0x0052                  DISICNT = 0x52
                    0x0052                  _DISICNT = 0x52
                    0x0054                  TBLPAG = 0x54
                    0x0054                  _TBLPAG = 0x54
                    0x0054                  _TBLPAGbits = 0x54
                    0x0056                  YPAG = 0x56
                    0x0056                  _YPAG = 0x56
                    0x0056                  _YPAGbits = 0x56
                    0x0058                  MSTRPR = 0x58
                    0x0058                  _MSTRPR = 0x58
                    0x0058                  _MSTRPRbits = 0x58
                    0x005a                  CTXTSTAT = 0x5a
                    0x005a                  _CTXTSTAT = 0x5a
                    0x005a                  _CTXTSTATbits = 0x5a
                    0x005c                  DMTCON = 0x5c
                    0x005c                  _DMTCON = 0x5c
                    0x005c                  _DMTCONbits = 0x5c
                    0x0060                  DMTPRECLR = 0x60
                    0x0060                  _DMTPRECLR = 0x60
                    0x0060                  _DMTPRECLRbits = 0x60
                    0x0064                  DMTCLR = 0x64
                    0x0064                  _DMTCLR = 0x64
                    0x0064                  _DMTCLRbits = 0x64
                    0x0068                  DMTSTAT = 0x68
                    0x0068                  _DMTSTAT = 0x68
                    0x0068                  _DMTSTATbits = 0x68
                    0x006c                  DMTCNTL = 0x6c
                    0x006c                  _DMTCNTL = 0x6c
                    0x006e                  DMTCNTH = 0x6e
                    0x006e                  _DMTCNTH = 0x6e
                    0x0070                  DMTHOLDREG = 0x70
                    0x0070                  _DMTHOLDREG = 0x70
                    0x0074                  DMTPSCNTL = 0x74
                    0x0074                  _DMTPSCNTL = 0x74
                    0x0076                  DMTPSCNTH = 0x76
                    0x0076                  _DMTPSCNTH = 0x76
                    0x0078                  DMTPSINTVL = 0x78
                    0x0078                  _DMTPSINTVL = 0x78
                    0x007a                  DMTPSINTVH = 0x7a
                    0x007a                  _DMTPSINTVH = 0x7a
                    0x0080                  SENT1CON1 = 0x80
                    0x0080                  _SENT1CON1 = 0x80
                    0x0080                  _SENT1CON1bits = 0x80
                    0x0084                  SENT1CON2 = 0x84
                    0x0084                  _SENT1CON2 = 0x84
                    0x0088                  SENT1CON3 = 0x88
                    0x0088                  _SENT1CON3 = 0x88
                    0x008c                  SENT1STAT = 0x8c
                    0x008c                  _SENT1STAT = 0x8c
                    0x008c                  _SENT1STATbits = 0x8c
                    0x0090                  SENT1SYNC = 0x90
                    0x0090                  _SENT1SYNC = 0x90
                    0x0094                  SENT1DATL = 0x94
                    0x0094                  _SENT1DATL = 0x94
                    0x0094                  _SENT1DATLbits = 0x94
                    0x0096                  SENT1DATH = 0x96
                    0x0096                  _SENT1DATH = 0x96
                    0x0096                  _SENT1DATHbits = 0x96
                    0x0098                  SENT2CON1 = 0x98
                    0x0098                  _SENT2CON1 = 0x98
                    0x0098                  _SENT2CON1bits = 0x98
                    0x009c                  SENT2CON2 = 0x9c
                    0x009c                  _SENT2CON2 = 0x9c
                    0x00a0                  SENT2CON3 = 0xa0
                    0x00a0                  _SENT2CON3 = 0xa0
                    0x00a4                  SENT2STAT = 0xa4
                    0x00a4                  _SENT2STAT = 0xa4
                    0x00a4                  _SENT2STATbits = 0xa4
                    0x00a8                  SENT2SYNC = 0xa8
                    0x00a8                  _SENT2SYNC = 0xa8
                    0x00ac                  SENT2DATL = 0xac
                    0x00ac                  _SENT2DATL = 0xac
                    0x00ac                  _SENT2DATLbits = 0xac
                    0x00ae                  SENT2DATH = 0xae
                    0x00ae                  _SENT2DATH = 0xae
                    0x00ae                  _SENT2DATHbits = 0xae
                    0x00b0                  CRCCON1 = 0xb0
                    0x00b0                  _CRCCON1 = 0xb0
                    0x00b0                  _CRCCON1bits = 0xb0
                    0x00b0                  CRCCONL = 0xb0
                    0x00b0                  _CRCCONL = 0xb0
                    0x00b0                  _CRCCONLbits = 0xb0
                    0x00b2                  CRCCON2 = 0xb2
                    0x00b2                  _CRCCON2 = 0xb2
                    0x00b2                  _CRCCON2bits = 0xb2
                    0x00b2                  CRCCONH = 0xb2
                    0x00b2                  _CRCCONH = 0xb2
                    0x00b2                  _CRCCONHbits = 0xb2
                    0x00b4                  CRCXORL = 0xb4
                    0x00b4                  _CRCXORL = 0xb4
                    0x00b4                  _CRCXORLbits = 0xb4
                    0x00b6                  CRCXORH = 0xb6
                    0x00b6                  _CRCXORH = 0xb6
                    0x00b6                  _CRCXORHbits = 0xb6
                    0x00b8                  CRCDATL = 0xb8
                    0x00b8                  _CRCDATL = 0xb8
                    0x00ba                  CRCDATH = 0xba
                    0x00ba                  _CRCDATH = 0xba
                    0x00bc                  CRCWDATL = 0xbc
                    0x00bc                  _CRCWDATL = 0xbc
                    0x00be                  CRCWDATH = 0xbe
                    0x00be                  _CRCWDATH = 0xbe
                    0x00c0                  CLC1CONL = 0xc0
                    0x00c0                  _CLC1CONL = 0xc0
                    0x00c0                  _CLC1CONLbits = 0xc0
                    0x00c2                  CLC1CONH = 0xc2
                    0x00c2                  _CLC1CONH = 0xc2
                    0x00c2                  _CLC1CONHbits = 0xc2
                    0x00c4                  CLC1SEL = 0xc4
                    0x00c4                  _CLC1SEL = 0xc4
                    0x00c4                  _CLC1SELbits = 0xc4
                    0x00c4                  CLC1SELL = 0xc4
                    0x00c4                  _CLC1SELL = 0xc4
                    0x00c4                  _CLC1SELLbits = 0xc4
                    0x00c8                  CLC1GLSL = 0xc8
                    0x00c8                  _CLC1GLSL = 0xc8
                    0x00c8                  _CLC1GLSLbits = 0xc8
                    0x00ca                  CLC1GLSH = 0xca
                    0x00ca                  _CLC1GLSH = 0xca
                    0x00ca                  _CLC1GLSHbits = 0xca
                    0x00cc                  CLC2CONL = 0xcc
                    0x00cc                  _CLC2CONL = 0xcc
                    0x00cc                  _CLC2CONLbits = 0xcc
                    0x00ce                  CLC2CONH = 0xce
                    0x00ce                  _CLC2CONH = 0xce
                    0x00ce                  _CLC2CONHbits = 0xce
                    0x00d0                  CLC2SEL = 0xd0
                    0x00d0                  _CLC2SEL = 0xd0
                    0x00d0                  _CLC2SELbits = 0xd0
                    0x00d0                  CLC2SELL = 0xd0
                    0x00d0                  _CLC2SELL = 0xd0
                    0x00d0                  _CLC2SELLbits = 0xd0
                    0x00d4                  CLC2GLSL = 0xd4
                    0x00d4                  _CLC2GLSL = 0xd4
                    0x00d4                  _CLC2GLSLbits = 0xd4
                    0x00d6                  CLC2GLSH = 0xd6
                    0x00d6                  _CLC2GLSH = 0xd6
                    0x00d6                  _CLC2GLSHbits = 0xd6
                    0x00d8                  CLC3CONL = 0xd8
                    0x00d8                  _CLC3CONL = 0xd8
                    0x00d8                  _CLC3CONLbits = 0xd8
                    0x00da                  CLC3CONH = 0xda
                    0x00da                  _CLC3CONH = 0xda
                    0x00da                  _CLC3CONHbits = 0xda
                    0x00dc                  CLC3SEL = 0xdc
                    0x00dc                  _CLC3SEL = 0xdc
                    0x00dc                  _CLC3SELbits = 0xdc
                    0x00dc                  CLC3SELL = 0xdc
                    0x00dc                  _CLC3SELL = 0xdc
                    0x00dc                  _CLC3SELLbits = 0xdc
                    0x00e0                  CLC3GLSL = 0xe0
                    0x00e0                  _CLC3GLSL = 0xe0
                    0x00e0                  _CLC3GLSLbits = 0xe0
                    0x00e2                  CLC3GLSH = 0xe2
                    0x00e2                  _CLC3GLSH = 0xe2
                    0x00e2                  _CLC3GLSHbits = 0xe2
                    0x00e4                  CLC4CONL = 0xe4
                    0x00e4                  _CLC4CONL = 0xe4
                    0x00e4                  _CLC4CONLbits = 0xe4
                    0x00e6                  CLC4CONH = 0xe6
                    0x00e6                  _CLC4CONH = 0xe6
                    0x00e6                  _CLC4CONHbits = 0xe6
                    0x00e8                  CLC4SEL = 0xe8
                    0x00e8                  _CLC4SEL = 0xe8
                    0x00e8                  _CLC4SELbits = 0xe8
                    0x00e8                  CLC4SELL = 0xe8
                    0x00e8                  _CLC4SELL = 0xe8
                    0x00e8                  _CLC4SELLbits = 0xe8
                    0x00ec                  CLC4GLSL = 0xec
                    0x00ec                  _CLC4GLSL = 0xec
                    0x00ec                  _CLC4GLSLbits = 0xec
                    0x00ee                  CLC4GLSH = 0xee
                    0x00ee                  _CLC4GLSH = 0xee
                    0x00ee                  _CLC4GLSHbits = 0xee
                    0x00f0                  ECCCONL = 0xf0
                    0x00f0                  _ECCCONL = 0xf0
                    0x00f0                  _ECCCONLbits = 0xf0
                    0x00f2                  ECCCONH = 0xf2
                    0x00f2                  _ECCCONH = 0xf2
                    0x00f2                  _ECCCONHbits = 0xf2
                    0x00f4                  ECCADDRL = 0xf4
                    0x00f4                  _ECCADDRL = 0xf4
                    0x00f6                  ECCADDRH = 0xf6
                    0x00f6                  _ECCADDRH = 0xf6
                    0x00f8                  ECCSTATL = 0xf8
                    0x00f8                  _ECCSTATL = 0xf8
                    0x00f8                  _ECCSTATLbits = 0xf8
                    0x00fa                  ECCSTATH = 0xfa
                    0x00fa                  _ECCSTATH = 0xfa
                    0x00fa                  _ECCSTATHbits = 0xfa
                    0x0100                  T1CON = 0x100
                    0x0100                  _T1CON = 0x100
                    0x0100                  _T1CONbits = 0x100
                    0x0104                  TMR1 = 0x104
                    0x0104                  _TMR1 = 0x104
                    0x0108                  PR1 = 0x108
                    0x0108                  _PR1 = 0x108
                    0x0140                  QEI1CON = 0x140
                    0x0140                  _QEI1CON = 0x140
                    0x0140                  _QEI1CONbits = 0x140
                    0x0144                  QEI1IOC = 0x144
                    0x0144                  _QEI1IOC = 0x144
                    0x0144                  _QEI1IOCbits = 0x144
                    0x0146                  QEI1IOCH = 0x146
                    0x0146                  _QEI1IOCH = 0x146
                    0x0146                  _QEI1IOCHbits = 0x146
                    0x0148                  QEI1STAT = 0x148
                    0x0148                  _QEI1STAT = 0x148
                    0x0148                  _QEI1STATbits = 0x148
                    0x014c                  POS1CNTL = 0x14c
                    0x014c                  _POS1CNTL = 0x14c
                    0x014e                  POS1CNTH = 0x14e
                    0x014e                  _POS1CNTH = 0x14e
                    0x0152                  POS1HLD = 0x152
                    0x0152                  _POS1HLD = 0x152
                    0x0154                  VEL1CNT = 0x154
                    0x0154                  _VEL1CNT = 0x154
                    0x0156                  VEL1CNTH = 0x156
                    0x0156                  _VEL1CNTH = 0x156
                    0x015a                  VEL1HLD = 0x15a
                    0x015a                  _VEL1HLD = 0x15a
                    0x015c                  INT1TMRL = 0x15c
                    0x015c                  _INT1TMRL = 0x15c
                    0x015e                  INT1TMRH = 0x15e
                    0x015e                  _INT1TMRH = 0x15e
                    0x0160                  INT1HLDL = 0x160
                    0x0160                  _INT1HLDL = 0x160
                    0x0162                  INT1HLDH = 0x162
                    0x0162                  _INT1HLDH = 0x162
                    0x0164                  INDX1CNTL = 0x164
                    0x0164                  _INDX1CNTL = 0x164
                    0x0166                  INDX1CNTH = 0x166
                    0x0166                  _INDX1CNTH = 0x166
                    0x016a                  INDX1HLD = 0x16a
                    0x016a                  _INDX1HLD = 0x16a
                    0x016c                  QEI1GECL = 0x16c
                    0x016c                  _QEI1GECL = 0x16c
                    0x016c                  QEI1ICL = 0x16c
                    0x016c                  _QEI1ICL = 0x16c
                    0x016e                  QEI1GECH = 0x16e
                    0x016e                  _QEI1GECH = 0x16e
                    0x016e                  QEI1ICH = 0x16e
                    0x016e                  _QEI1ICH = 0x16e
                    0x0170                  QEI1LECL = 0x170
                    0x0170                  _QEI1LECL = 0x170
                    0x0172                  QEI1LECH = 0x172
                    0x0172                  _QEI1LECH = 0x172
                    0x01d2                  MSI1CON = 0x1d2
                    0x01d2                  _MSI1CON = 0x1d2
                    0x01d2                  _MSI1CONbits = 0x1d2
                    0x01d4                  MSI1STAT = 0x1d4
                    0x01d4                  _MSI1STAT = 0x1d4
                    0x01d4                  _MSI1STATbits = 0x1d4
                    0x01d6                  MSI1KEY = 0x1d6
                    0x01d6                  _MSI1KEY = 0x1d6
                    0x01d6                  _MSI1KEYbits = 0x1d6
                    0x01d8                  MSI1MBXS = 0x1d8
                    0x01d8                  _MSI1MBXS = 0x1d8
                    0x01d8                  _MSI1MBXSbits = 0x1d8
                    0x01da                  MSI1MBX0D = 0x1da
                    0x01da                  _MSI1MBX0D = 0x1da
                    0x01da                  _MSI1MBX0Dbits = 0x1da
                    0x01dc                  MSI1MBX1D = 0x1dc
                    0x01dc                  _MSI1MBX1D = 0x1dc
                    0x01dc                  _MSI1MBX1Dbits = 0x1dc
                    0x01de                  MSI1MBX2D = 0x1de
                    0x01de                  _MSI1MBX2D = 0x1de
                    0x01de                  _MSI1MBX2Dbits = 0x1de
                    0x01e0                  MSI1MBX3D = 0x1e0
                    0x01e0                  _MSI1MBX3D = 0x1e0
                    0x01e0                  _MSI1MBX3Dbits = 0x1e0
                    0x01e2                  MSI1MBX4D = 0x1e2
                    0x01e2                  _MSI1MBX4D = 0x1e2
                    0x01e2                  _MSI1MBX4Dbits = 0x1e2
                    0x01e4                  MSI1MBX5D = 0x1e4
                    0x01e4                  _MSI1MBX5D = 0x1e4
                    0x01e4                  _MSI1MBX5Dbits = 0x1e4
                    0x01e6                  MSI1MBX6D = 0x1e6
                    0x01e6                  _MSI1MBX6D = 0x1e6
                    0x01e6                  _MSI1MBX6Dbits = 0x1e6
                    0x01e8                  MSI1MBX7D = 0x1e8
                    0x01e8                  _MSI1MBX7D = 0x1e8
                    0x01e8                  _MSI1MBX7Dbits = 0x1e8
                    0x01ea                  MSI1MBX8D = 0x1ea
                    0x01ea                  _MSI1MBX8D = 0x1ea
                    0x01ea                  _MSI1MBX8Dbits = 0x1ea
                    0x01ec                  MSI1MBX9D = 0x1ec
                    0x01ec                  _MSI1MBX9D = 0x1ec
                    0x01ec                  _MSI1MBX9Dbits = 0x1ec
                    0x01ee                  MSI1MBX10D = 0x1ee
                    0x01ee                  _MSI1MBX10D = 0x1ee
                    0x01ee                  _MSI1MBX10Dbits = 0x1ee
                    0x01f0                  MSI1MBX11D = 0x1f0
                    0x01f0                  _MSI1MBX11D = 0x1f0
                    0x01f0                  _MSI1MBX11Dbits = 0x1f0
                    0x01f2                  MSI1MBX12D = 0x1f2
                    0x01f2                  _MSI1MBX12D = 0x1f2
                    0x01f2                  _MSI1MBX12Dbits = 0x1f2
                    0x01f4                  MSI1MBX13D = 0x1f4
                    0x01f4                  _MSI1MBX13D = 0x1f4
                    0x01f4                  _MSI1MBX13Dbits = 0x1f4
                    0x01f6                  MSI1MBX14D = 0x1f6
                    0x01f6                  _MSI1MBX14D = 0x1f6
                    0x01f6                  _MSI1MBX14Dbits = 0x1f6
                    0x01f8                  MSI1MBX15D = 0x1f8
                    0x01f8                  _MSI1MBX15D = 0x1f8
                    0x01f8                  _MSI1MBX15Dbits = 0x1f8
                    0x01fa                  MSI1FIFOCS = 0x1fa
                    0x01fa                  _MSI1FIFOCS = 0x1fa
                    0x01fa                  _MSI1FIFOCSbits = 0x1fa
                    0x01fc                  MRSWFDATA = 0x1fc
                    0x01fc                  _MRSWFDATA = 0x1fc
                    0x01fc                  _MRSWFDATAbits = 0x1fc
                    0x01fe                  MWSRFDATA = 0x1fe
                    0x01fe                  _MWSRFDATA = 0x1fe
                    0x01fe                  _MWSRFDATAbits = 0x1fe
                    0x0200                  I2C1CON1 = 0x200
                    0x0200                  _I2C1CON1 = 0x200
                    0x0200                  _I2C1CON1bits = 0x200
                    0x0200                  I2C1CONL = 0x200
                    0x0200                  _I2C1CONL = 0x200
                    0x0200                  _I2C1CONLbits = 0x200
                    0x0202                  I2C1CON2 = 0x202
                    0x0202                  _I2C1CON2 = 0x202
                    0x0202                  _I2C1CON2bits = 0x202
                    0x0202                  I2C1CONH = 0x202
                    0x0202                  _I2C1CONH = 0x202
                    0x0202                  _I2C1CONHbits = 0x202
                    0x0204                  I2C1STAT = 0x204
                    0x0204                  _I2C1STAT = 0x204
                    0x0204                  _I2C1STATbits = 0x204
                    0x0208                  I2C1ADD = 0x208
                    0x0208                  _I2C1ADD = 0x208
                    0x0208                  _I2C1ADDbits = 0x208
                    0x020c                  I2C1MSK = 0x20c
                    0x020c                  _I2C1MSK = 0x20c
                    0x020c                  _I2C1MSKbits = 0x20c
                    0x0210                  I2C1BRG = 0x210
                    0x0210                  _I2C1BRG = 0x210
                    0x0214                  I2C1TRN = 0x214
                    0x0214                  _I2C1TRN = 0x214
                    0x0214                  _I2C1TRNbits = 0x214
                    0x0218                  I2C1RCV = 0x218
                    0x0218                  _I2C1RCV = 0x218
                    0x0218                  _I2C1RCVbits = 0x218
                    0x021c                  I2C2CON1 = 0x21c
                    0x021c                  _I2C2CON1 = 0x21c
                    0x021c                  _I2C2CON1bits = 0x21c
                    0x021c                  I2C2CONL = 0x21c
                    0x021c                  _I2C2CONL = 0x21c
                    0x021c                  _I2C2CONLbits = 0x21c
                    0x021e                  I2C2CON2 = 0x21e
                    0x021e                  _I2C2CON2 = 0x21e
                    0x021e                  _I2C2CON2bits = 0x21e
                    0x021e                  I2C2CONH = 0x21e
                    0x021e                  _I2C2CONH = 0x21e
                    0x021e                  _I2C2CONHbits = 0x21e
                    0x0220                  I2C2STAT = 0x220
                    0x0220                  _I2C2STAT = 0x220
                    0x0220                  _I2C2STATbits = 0x220
                    0x0224                  I2C2ADD = 0x224
                    0x0224                  _I2C2ADD = 0x224
                    0x0224                  _I2C2ADDbits = 0x224
                    0x0228                  I2C2MSK = 0x228
                    0x0228                  _I2C2MSK = 0x228
                    0x0228                  _I2C2MSKbits = 0x228
                    0x022c                  I2C2BRG = 0x22c
                    0x022c                  _I2C2BRG = 0x22c
                    0x0230                  I2C2TRN = 0x230
                    0x0230                  _I2C2TRN = 0x230
                    0x0230                  _I2C2TRNbits = 0x230
                    0x0234                  I2C2RCV = 0x234
                    0x0234                  _I2C2RCV = 0x234
                    0x0234                  _I2C2RCVbits = 0x234
                    0x0238                  U1MODE = 0x238
                    0x0238                  _U1MODE = 0x238
                    0x0238                  _U1MODEbits = 0x238
                    0x023a                  U1MODEH = 0x23a
                    0x023a                  _U1MODEH = 0x23a
                    0x023a                  _U1MODEHbits = 0x23a
                    0x023c                  U1STA = 0x23c
                    0x023c                  _U1STA = 0x23c
                    0x023c                  _U1STAbits = 0x23c
                    0x023e                  U1STAH = 0x23e
                    0x023e                  _U1STAH = 0x23e
                    0x023e                  _U1STAHbits = 0x23e
                    0x0240                  U1BRG = 0x240
                    0x0240                  _U1BRG = 0x240
                    0x0240                  _U1BRGbits = 0x240
                    0x0242                  U1BRGH = 0x242
                    0x0242                  _U1BRGH = 0x242
                    0x0242                  _U1BRGHbits = 0x242
                    0x0244                  U1RXREG = 0x244
                    0x0244                  _U1RXREG = 0x244
                    0x0244                  _U1RXREGbits = 0x244
                    0x0248                  U1TXREG = 0x248
                    0x0248                  _U1TXREG = 0x248
                    0x0248                  _U1TXREGbits = 0x248
                    0x024c                  U1P1 = 0x24c
                    0x024c                  _U1P1 = 0x24c
                    0x024c                  _U1P1bits = 0x24c
                    0x024e                  U1P2 = 0x24e
                    0x024e                  _U1P2 = 0x24e
                    0x024e                  _U1P2bits = 0x24e
                    0x0250                  U1P3 = 0x250
                    0x0250                  _U1P3 = 0x250
                    0x0250                  _U1P3bits = 0x250
                    0x0252                  U1P3H = 0x252
                    0x0252                  _U1P3H = 0x252
                    0x0252                  _U1P3Hbits = 0x252
                    0x0254                  U1TXCHK = 0x254
                    0x0254                  _U1TXCHK = 0x254
                    0x0254                  _U1TXCHKbits = 0x254
                    0x0256                  U1RXCHK = 0x256
                    0x0256                  _U1RXCHK = 0x256
                    0x0256                  _U1RXCHKbits = 0x256
                    0x0258                  U1SCCON = 0x258
                    0x0258                  _U1SCCON = 0x258
                    0x0258                  _U1SCCONbits = 0x258
                    0x025a                  U1SCINT = 0x25a
                    0x025a                  _U1SCINT = 0x25a
                    0x025a                  _U1SCINTbits = 0x25a
                    0x025c                  U1INT = 0x25c
                    0x025c                  _U1INT = 0x25c
                    0x025c                  _U1INTbits = 0x25c
                    0x0260                  U2MODE = 0x260
                    0x0260                  _U2MODE = 0x260
                    0x0260                  _U2MODEbits = 0x260
                    0x0262                  U2MODEH = 0x262
                    0x0262                  _U2MODEH = 0x262
                    0x0262                  _U2MODEHbits = 0x262
                    0x0264                  U2STA = 0x264
                    0x0264                  _U2STA = 0x264
                    0x0264                  _U2STAbits = 0x264
                    0x0266                  U2STAH = 0x266
                    0x0266                  _U2STAH = 0x266
                    0x0266                  _U2STAHbits = 0x266
                    0x0268                  U2BRG = 0x268
                    0x0268                  _U2BRG = 0x268
                    0x0268                  _U2BRGbits = 0x268
                    0x026a                  U2BRGH = 0x26a
                    0x026a                  _U2BRGH = 0x26a
                    0x026a                  _U2BRGHbits = 0x26a
                    0x026c                  U2RXREG = 0x26c
                    0x026c                  _U2RXREG = 0x26c
                    0x026c                  _U2RXREGbits = 0x26c
                    0x0270                  U2TXREG = 0x270
                    0x0270                  _U2TXREG = 0x270
                    0x0270                  _U2TXREGbits = 0x270
                    0x0274                  U2P1 = 0x274
                    0x0274                  _U2P1 = 0x274
                    0x0274                  _U2P1bits = 0x274
                    0x0276                  U2P2 = 0x276
                    0x0276                  _U2P2 = 0x276
                    0x0276                  _U2P2bits = 0x276
                    0x0278                  U2P3 = 0x278
                    0x0278                  _U2P3 = 0x278
                    0x0278                  _U2P3bits = 0x278
                    0x027a                  U2P3H = 0x27a
                    0x027a                  _U2P3H = 0x27a
                    0x027a                  _U2P3Hbits = 0x27a
                    0x027c                  U2TXCHK = 0x27c
                    0x027c                  _U2TXCHK = 0x27c
                    0x027c                  _U2TXCHKbits = 0x27c
                    0x027e                  U2RXCHK = 0x27e
                    0x027e                  _U2RXCHK = 0x27e
                    0x027e                  _U2RXCHKbits = 0x27e
                    0x0280                  U2SCCON = 0x280
                    0x0280                  _U2SCCON = 0x280
                    0x0280                  _U2SCCONbits = 0x280
                    0x0282                  U2SCINT = 0x282
                    0x0282                  _U2SCINT = 0x282
                    0x0282                  _U2SCINTbits = 0x282
                    0x0284                  U2INT = 0x284
                    0x0284                  _U2INT = 0x284
                    0x0284                  _U2INTbits = 0x284
                    0x02ac                  SPI1CON1 = 0x2ac
                    0x02ac                  _SPI1CON1 = 0x2ac
                    0x02ac                  _SPI1CON1bits = 0x2ac
                    0x02ac                  SPI1CON1L = 0x2ac
                    0x02ac                  _SPI1CON1L = 0x2ac
                    0x02ac                  _SPI1CON1Lbits = 0x2ac
                    0x02ae                  SPI1CON1H = 0x2ae
                    0x02ae                  _SPI1CON1H = 0x2ae
                    0x02ae                  _SPI1CON1Hbits = 0x2ae
                    0x02ae                  SPI1CON2 = 0x2ae
                    0x02ae                  _SPI1CON2 = 0x2ae
                    0x02ae                  _SPI1CON2bits = 0x2ae
                    0x02b0                  SPI1CON2L = 0x2b0
                    0x02b0                  _SPI1CON2L = 0x2b0
                    0x02b0                  _SPI1CON2Lbits = 0x2b0
                    0x02b0                  SPI1CON3 = 0x2b0
                    0x02b0                  _SPI1CON3 = 0x2b0
                    0x02b0                  _SPI1CON3bits = 0x2b0
                    0x02b2                  SPI1CON2H = 0x2b2
                    0x02b2                  _SPI1CON2H = 0x2b2
                    0x02b2                  SPI1CON4 = 0x2b2
                    0x02b2                  _SPI1CON4 = 0x2b2
                    0x02b4                  SPI1STATL = 0x2b4
                    0x02b4                  _SPI1STATL = 0x2b4
                    0x02b4                  _SPI1STATLbits = 0x2b4
                    0x02b6                  SPI1STATH = 0x2b6
                    0x02b6                  _SPI1STATH = 0x2b6
                    0x02b6                  _SPI1STATHbits = 0x2b6
                    0x02b8                  SPI1BUFL = 0x2b8
                    0x02b8                  _SPI1BUFL = 0x2b8
                    0x02b8                  _SPI1BUFLbits = 0x2b8
                    0x02ba                  SPI1BUFH = 0x2ba
                    0x02ba                  _SPI1BUFH = 0x2ba
                    0x02ba                  _SPI1BUFHbits = 0x2ba
                    0x02bc                  SPI1BRGL = 0x2bc
                    0x02bc                  _SPI1BRGL = 0x2bc
                    0x02bc                  _SPI1BRGLbits = 0x2bc
                    0x02be                  SPI1BRGH = 0x2be
                    0x02be                  _SPI1BRGH = 0x2be
                    0x02c0                  SPI1IMSK1 = 0x2c0
                    0x02c0                  _SPI1IMSK1 = 0x2c0
                    0x02c0                  _SPI1IMSK1bits = 0x2c0
                    0x02c0                  SPI1IMSKL = 0x2c0
                    0x02c0                  _SPI1IMSKL = 0x2c0
                    0x02c0                  _SPI1IMSKLbits = 0x2c0
                    0x02c2                  SPI1IMSK2 = 0x2c2
                    0x02c2                  _SPI1IMSK2 = 0x2c2
                    0x02c2                  _SPI1IMSK2bits = 0x2c2
                    0x02c2                  SPI1IMSKH = 0x2c2
                    0x02c2                  _SPI1IMSKH = 0x2c2
                    0x02c2                  _SPI1IMSKHbits = 0x2c2
                    0x02c4                  SPI1URDTL = 0x2c4
                    0x02c4                  _SPI1URDTL = 0x2c4
                    0x02c4                  _SPI1URDTLbits = 0x2c4
                    0x02c6                  SPI1URDTH = 0x2c6
                    0x02c6                  _SPI1URDTH = 0x2c6
                    0x02c6                  _SPI1URDTHbits = 0x2c6
                    0x02c8                  SPI2CON1 = 0x2c8
                    0x02c8                  _SPI2CON1 = 0x2c8
                    0x02c8                  _SPI2CON1bits = 0x2c8
                    0x02c8                  SPI2CON1L = 0x2c8
                    0x02c8                  _SPI2CON1L = 0x2c8
                    0x02c8                  _SPI2CON1Lbits = 0x2c8
                    0x02ca                  SPI2CON1H = 0x2ca
                    0x02ca                  _SPI2CON1H = 0x2ca
                    0x02ca                  _SPI2CON1Hbits = 0x2ca
                    0x02ca                  SPI2CON2 = 0x2ca
                    0x02ca                  _SPI2CON2 = 0x2ca
                    0x02ca                  _SPI2CON2bits = 0x2ca
                    0x02cc                  SPI2CON2L = 0x2cc
                    0x02cc                  _SPI2CON2L = 0x2cc
                    0x02cc                  _SPI2CON2Lbits = 0x2cc
                    0x02cc                  SPI2CON3 = 0x2cc
                    0x02cc                  _SPI2CON3 = 0x2cc
                    0x02cc                  _SPI2CON3bits = 0x2cc
                    0x02ce                  SPI2CON2H = 0x2ce
                    0x02ce                  _SPI2CON2H = 0x2ce
                    0x02ce                  SPI2CON4 = 0x2ce
                    0x02ce                  _SPI2CON4 = 0x2ce
                    0x02d0                  SPI2STATL = 0x2d0
                    0x02d0                  _SPI2STATL = 0x2d0
                    0x02d0                  _SPI2STATLbits = 0x2d0
                    0x02d2                  SPI2STATH = 0x2d2
                    0x02d2                  _SPI2STATH = 0x2d2
                    0x02d2                  _SPI2STATHbits = 0x2d2
                    0x02d4                  SPI2BUFL = 0x2d4
                    0x02d4                  _SPI2BUFL = 0x2d4
                    0x02d4                  _SPI2BUFLbits = 0x2d4
                    0x02d6                  SPI2BUFH = 0x2d6
                    0x02d6                  _SPI2BUFH = 0x2d6
                    0x02d6                  _SPI2BUFHbits = 0x2d6
                    0x02d8                  SPI2BRGL = 0x2d8
                    0x02d8                  _SPI2BRGL = 0x2d8
                    0x02d8                  _SPI2BRGLbits = 0x2d8
                    0x02da                  SPI2BRGH = 0x2da
                    0x02da                  _SPI2BRGH = 0x2da
                    0x02dc                  SPI2IMSK1 = 0x2dc
                    0x02dc                  _SPI2IMSK1 = 0x2dc
                    0x02dc                  _SPI2IMSK1bits = 0x2dc
                    0x02dc                  SPI2IMSKL = 0x2dc
                    0x02dc                  _SPI2IMSKL = 0x2dc
                    0x02dc                  _SPI2IMSKLbits = 0x2dc
                    0x02de                  SPI2IMSK2 = 0x2de
                    0x02de                  _SPI2IMSK2 = 0x2de
                    0x02de                  _SPI2IMSK2bits = 0x2de
                    0x02de                  SPI2IMSKH = 0x2de
                    0x02de                  _SPI2IMSKH = 0x2de
                    0x02de                  _SPI2IMSKHbits = 0x2de
                    0x02e0                  SPI2URDTL = 0x2e0
                    0x02e0                  _SPI2URDTL = 0x2e0
                    0x02e0                  _SPI2URDTLbits = 0x2e0
                    0x02e2                  SPI2URDTH = 0x2e2
                    0x02e2                  _SPI2URDTH = 0x2e2
                    0x02e2                  _SPI2URDTHbits = 0x2e2
                    0x0300                  PCLKCON = 0x300
                    0x0300                  _PCLKCON = 0x300
                    0x0300                  _PCLKCONbits = 0x300
                    0x0302                  FSCL = 0x302
                    0x0302                  _FSCL = 0x302
                    0x0304                  FSMINPER = 0x304
                    0x0304                  _FSMINPER = 0x304
                    0x0306                  MPHASE = 0x306
                    0x0306                  _MPHASE = 0x306
                    0x0308                  MDC = 0x308
                    0x0308                  _MDC = 0x308
                    0x030a                  MPER = 0x30a
                    0x030a                  _MPER = 0x30a
                    0x030c                  LFSR = 0x30c
                    0x030c                  _LFSR = 0x30c
                    0x030c                  _LFSRbits = 0x30c
                    0x030e                  CMBTRIGL = 0x30e
                    0x030e                  _CMBTRIGL = 0x30e
                    0x030e                  _CMBTRIGLbits = 0x30e
                    0x0310                  CMBTRIGH = 0x310
                    0x0310                  _CMBTRIGH = 0x310
                    0x0310                  _CMBTRIGHbits = 0x310
                    0x0312                  LOGCONA = 0x312
                    0x0312                  _LOGCONA = 0x312
                    0x0312                  _LOGCONAbits = 0x312
                    0x0314                  LOGCONB = 0x314
                    0x0314                  _LOGCONB = 0x314
                    0x0314                  _LOGCONBbits = 0x314
                    0x0316                  LOGCONC = 0x316
                    0x0316                  _LOGCONC = 0x316
                    0x0316                  _LOGCONCbits = 0x316
                    0x0318                  LOGCOND = 0x318
                    0x0318                  _LOGCOND = 0x318
                    0x0318                  _LOGCONDbits = 0x318
                    0x031a                  LOGCONE = 0x31a
                    0x031a                  _LOGCONE = 0x31a
                    0x031a                  _LOGCONEbits = 0x31a
                    0x031c                  LOGCONF = 0x31c
                    0x031c                  _LOGCONF = 0x31c
                    0x031c                  _LOGCONFbits = 0x31c
                    0x031e                  PWMEVTA = 0x31e
                    0x031e                  _PWMEVTA = 0x31e
                    0x031e                  _PWMEVTAbits = 0x31e
                    0x0320                  PWMEVTB = 0x320
                    0x0320                  _PWMEVTB = 0x320
                    0x0320                  _PWMEVTBbits = 0x320
                    0x0322                  PWMEVTC = 0x322
                    0x0322                  _PWMEVTC = 0x322
                    0x0322                  _PWMEVTCbits = 0x322
                    0x0324                  PWMEVTD = 0x324
                    0x0324                  _PWMEVTD = 0x324
                    0x0324                  _PWMEVTDbits = 0x324
                    0x0326                  PWMEVTE = 0x326
                    0x0326                  _PWMEVTE = 0x326
                    0x0326                  _PWMEVTEbits = 0x326
                    0x0328                  PWMEVTF = 0x328
                    0x0328                  _PWMEVTF = 0x328
                    0x0328                  _PWMEVTFbits = 0x328
                    0x032a                  PG1CONL = 0x32a
                    0x032a                  _PG1CONL = 0x32a
                    0x032a                  _PG1CONLbits = 0x32a
                    0x032c                  PG1CONH = 0x32c
                    0x032c                  _PG1CONH = 0x32c
                    0x032c                  _PG1CONHbits = 0x32c
                    0x032e                  PG1STAT = 0x32e
                    0x032e                  _PG1STAT = 0x32e
                    0x032e                  _PG1STATbits = 0x32e
                    0x0330                  PG1IOCONL = 0x330
                    0x0330                  _PG1IOCONL = 0x330
                    0x0330                  _PG1IOCONLbits = 0x330
                    0x0332                  PG1IOCONH = 0x332
                    0x0332                  _PG1IOCONH = 0x332
                    0x0332                  _PG1IOCONHbits = 0x332
                    0x0334                  PG1EVTL = 0x334
                    0x0334                  _PG1EVTL = 0x334
                    0x0334                  _PG1EVTLbits = 0x334
                    0x0336                  PG1EVTH = 0x336
                    0x0336                  _PG1EVTH = 0x336
                    0x0336                  _PG1EVTHbits = 0x336
                    0x0338                  PG1FPCIL = 0x338
                    0x0338                  _PG1FPCIL = 0x338
                    0x0338                  _PG1FPCILbits = 0x338
                    0x033a                  PG1FPCIH = 0x33a
                    0x033a                  _PG1FPCIH = 0x33a
                    0x033a                  _PG1FPCIHbits = 0x33a
                    0x033c                  PG1CLPCIL = 0x33c
                    0x033c                  _PG1CLPCIL = 0x33c
                    0x033c                  _PG1CLPCILbits = 0x33c
                    0x033e                  PG1CLPCIH = 0x33e
                    0x033e                  _PG1CLPCIH = 0x33e
                    0x033e                  _PG1CLPCIHbits = 0x33e
                    0x0340                  PG1FFPCIL = 0x340
                    0x0340                  _PG1FFPCIL = 0x340
                    0x0340                  _PG1FFPCILbits = 0x340
                    0x0342                  PG1FFPCIH = 0x342
                    0x0342                  _PG1FFPCIH = 0x342
                    0x0342                  _PG1FFPCIHbits = 0x342
                    0x0344                  PG1SPCIL = 0x344
                    0x0344                  _PG1SPCIL = 0x344
                    0x0344                  _PG1SPCILbits = 0x344
                    0x0346                  PG1SPCIH = 0x346
                    0x0346                  _PG1SPCIH = 0x346
                    0x0346                  _PG1SPCIHbits = 0x346
                    0x0348                  PG1LEBL = 0x348
                    0x0348                  _PG1LEBL = 0x348
                    0x034a                  PG1LEBH = 0x34a
                    0x034a                  _PG1LEBH = 0x34a
                    0x034a                  _PG1LEBHbits = 0x34a
                    0x034c                  PG1PHASE = 0x34c
                    0x034c                  _PG1PHASE = 0x34c
                    0x034e                  PG1DC = 0x34e
                    0x034e                  _PG1DC = 0x34e
                    0x0350                  PG1DCA = 0x350
                    0x0350                  _PG1DCA = 0x350
                    0x0350                  _PG1DCAbits = 0x350
                    0x0352                  PG1PER = 0x352
                    0x0352                  _PG1PER = 0x352
                    0x0354                  PG1TRIGA = 0x354
                    0x0354                  _PG1TRIGA = 0x354
                    0x0356                  PG1TRIGB = 0x356
                    0x0356                  _PG1TRIGB = 0x356
                    0x0358                  PG1TRIGC = 0x358
                    0x0358                  _PG1TRIGC = 0x358
                    0x035a                  PG1DTL = 0x35a
                    0x035a                  _PG1DTL = 0x35a
                    0x035a                  _PG1DTLbits = 0x35a
                    0x035c                  PG1DTH = 0x35c
                    0x035c                  _PG1DTH = 0x35c
                    0x035c                  _PG1DTHbits = 0x35c
                    0x035e                  PG1CAP = 0x35e
                    0x035e                  _PG1CAP = 0x35e
                    0x0360                  PG2CONL = 0x360
                    0x0360                  _PG2CONL = 0x360
                    0x0360                  _PG2CONLbits = 0x360
                    0x0362                  PG2CONH = 0x362
                    0x0362                  _PG2CONH = 0x362
                    0x0362                  _PG2CONHbits = 0x362
                    0x0364                  PG2STAT = 0x364
                    0x0364                  _PG2STAT = 0x364
                    0x0364                  _PG2STATbits = 0x364
                    0x0366                  PG2IOCONL = 0x366
                    0x0366                  _PG2IOCONL = 0x366
                    0x0366                  _PG2IOCONLbits = 0x366
                    0x0368                  PG2IOCONH = 0x368
                    0x0368                  _PG2IOCONH = 0x368
                    0x0368                  _PG2IOCONHbits = 0x368
                    0x036a                  PG2EVTL = 0x36a
                    0x036a                  _PG2EVTL = 0x36a
                    0x036a                  _PG2EVTLbits = 0x36a
                    0x036c                  PG2EVTH = 0x36c
                    0x036c                  _PG2EVTH = 0x36c
                    0x036c                  _PG2EVTHbits = 0x36c
                    0x036e                  PG2FPCIL = 0x36e
                    0x036e                  _PG2FPCIL = 0x36e
                    0x036e                  _PG2FPCILbits = 0x36e
                    0x0370                  PG2FPCIH = 0x370
                    0x0370                  _PG2FPCIH = 0x370
                    0x0370                  _PG2FPCIHbits = 0x370
                    0x0372                  PG2CLPCIL = 0x372
                    0x0372                  _PG2CLPCIL = 0x372
                    0x0372                  _PG2CLPCILbits = 0x372
                    0x0374                  PG2CLPCIH = 0x374
                    0x0374                  _PG2CLPCIH = 0x374
                    0x0374                  _PG2CLPCIHbits = 0x374
                    0x0376                  PG2FFPCIL = 0x376
                    0x0376                  _PG2FFPCIL = 0x376
                    0x0376                  _PG2FFPCILbits = 0x376
                    0x0378                  PG2FFPCIH = 0x378
                    0x0378                  _PG2FFPCIH = 0x378
                    0x0378                  _PG2FFPCIHbits = 0x378
                    0x037a                  PG2SPCIL = 0x37a
                    0x037a                  _PG2SPCIL = 0x37a
                    0x037a                  _PG2SPCILbits = 0x37a
                    0x037c                  PG2SPCIH = 0x37c
                    0x037c                  _PG2SPCIH = 0x37c
                    0x037c                  _PG2SPCIHbits = 0x37c
                    0x037e                  PG2LEBL = 0x37e
                    0x037e                  _PG2LEBL = 0x37e
                    0x0380                  PG2LEBH = 0x380
                    0x0380                  _PG2LEBH = 0x380
                    0x0380                  _PG2LEBHbits = 0x380
                    0x0382                  PG2PHASE = 0x382
                    0x0382                  _PG2PHASE = 0x382
                    0x0384                  PG2DC = 0x384
                    0x0384                  _PG2DC = 0x384
                    0x0386                  PG2DCA = 0x386
                    0x0386                  _PG2DCA = 0x386
                    0x0386                  _PG2DCAbits = 0x386
                    0x0388                  PG2PER = 0x388
                    0x0388                  _PG2PER = 0x388
                    0x038a                  PG2TRIGA = 0x38a
                    0x038a                  _PG2TRIGA = 0x38a
                    0x038c                  PG2TRIGB = 0x38c
                    0x038c                  _PG2TRIGB = 0x38c
                    0x038e                  PG2TRIGC = 0x38e
                    0x038e                  _PG2TRIGC = 0x38e
                    0x0390                  PG2DTL = 0x390
                    0x0390                  _PG2DTL = 0x390
                    0x0390                  _PG2DTLbits = 0x390
                    0x0392                  PG2DTH = 0x392
                    0x0392                  _PG2DTH = 0x392
                    0x0392                  _PG2DTHbits = 0x392
                    0x0394                  PG2CAP = 0x394
                    0x0394                  _PG2CAP = 0x394
                    0x0396                  PG3CONL = 0x396
                    0x0396                  _PG3CONL = 0x396
                    0x0396                  _PG3CONLbits = 0x396
                    0x0398                  PG3CONH = 0x398
                    0x0398                  _PG3CONH = 0x398
                    0x0398                  _PG3CONHbits = 0x398
                    0x039a                  PG3STAT = 0x39a
                    0x039a                  _PG3STAT = 0x39a
                    0x039a                  _PG3STATbits = 0x39a
                    0x039c                  PG3IOCONL = 0x39c
                    0x039c                  _PG3IOCONL = 0x39c
                    0x039c                  _PG3IOCONLbits = 0x39c
                    0x039e                  PG3IOCONH = 0x39e
                    0x039e                  _PG3IOCONH = 0x39e
                    0x039e                  _PG3IOCONHbits = 0x39e
                    0x03a0                  PG3EVTL = 0x3a0
                    0x03a0                  _PG3EVTL = 0x3a0
                    0x03a0                  _PG3EVTLbits = 0x3a0
                    0x03a2                  PG3EVTH = 0x3a2
                    0x03a2                  _PG3EVTH = 0x3a2
                    0x03a2                  _PG3EVTHbits = 0x3a2
                    0x03a4                  PG3FPCIL = 0x3a4
                    0x03a4                  _PG3FPCIL = 0x3a4
                    0x03a4                  _PG3FPCILbits = 0x3a4